mysql> show databases;
+--------------------+
| Database           |
+--------------------+
| cdac               |
| information_schema |
| mysql              |
| omkar              |
| performance_schema |
| sakila             |
| sys                |
| world              |
+--------------------+
8 rows in set (0.00 sec)

mysql> use cdac;
Database changed
mysql> create table dept(dept_no int primary key,dname varchar(20),loc varchar(20));
Query OK, 0 rows affected (0.05 sec)

mysql> desc dept;
+---------+-------------+------+-----+---------+-------+
| Field   | Type        | Null | Key | Default | Extra |
+---------+-------------+------+-----+---------+-------+
| dept_no | int         | NO   | PRI | NULL    |       |
| dname   | varchar(20) | YES  |     | NULL    |       |
| loc     | varchar(20) | YES  |     | NULL    |       |
+---------+-------------+------+-----+---------+-------+
3 rows in set (0.02 sec)

mysql> insert into dept values
    -> (10,'acct','mum'),
    -> (20,'fina','nashik'),
    -> (30,'sales','pune');
Query OK, 3 rows affected (0.03 sec)
Records: 3  Duplicates: 0  Warnings: 0

mysql> select * from dept;
+---------+-------+--------+
| dept_no | dname | loc    |
+---------+-------+--------+
|      10 | acct  | mum    |
|      20 | fina  | nashik |
|      30 | sales | pune   |
+---------+-------+--------+
3 rows in set (0.00 sec)

mysql> select * from emp;
+-------+---------+----------+-------+------------+--------+
| empno | empname | salary   | pan   | doj        | deptno |
+-------+---------+----------+-------+------------+--------+
|    10 | JKl     | 60000.00 | p0008 | NULL       |      5 |
|    20 | XYZ     | 30000.00 | p002  | 2024-10-16 |      2 |
|    30 | DEF     | 30000.00 | p003  | 2024-10-16 |      3 |
|    50 | ABC     | 20000.00 | p001  | 2024-12-25 |      1 |
+-------+---------+----------+-------+------------+--------+
4 rows in set (0.00 sec)

mysql> update emp
    -> set empname = 'VIJ'
    -> where empno = 10;
Query OK, 1 row affected (0.03 sec)
Rows matched: 1  Changed: 1  Warnings: 0

mysql> select * from emp;
+-------+---------+----------+-------+------------+--------+
| empno | empname | salary   | pan   | doj        | deptno |
+-------+---------+----------+-------+------------+--------+
|    10 | VIJ     | 60000.00 | p0008 | NULL       |      5 |
|    20 | XYZ     | 30000.00 | p002  | 2024-10-16 |      2 |
|    30 | DEF     | 30000.00 | p003  | 2024-10-16 |      3 |
|    50 | ABC     | 20000.00 | p001  | 2024-12-25 |      1 |
+-------+---------+----------+-------+------------+--------+
4 rows in set (0.00 sec)

mysql> truncate table dept;
Query OK, 0 rows affected (0.04 sec)

mysql> desc dept;
+---------+-------------+------+-----+---------+-------+
| Field   | Type        | Null | Key | Default | Extra |
+---------+-------------+------+-----+---------+-------+
| dept_no | int         | NO   | PRI | NULL    |       |
| dname   | varchar(20) | YES  |     | NULL    |       |
| loc     | varchar(20) | YES  |     | NULL    |       |
+---------+-------------+------+-----+---------+-------+
3 rows in set (0.00 sec)

mysql> select * from dept;
Empty set (0.00 sec)

mysql> insert into dept values
    -> (10,'acct','mum'),
    -> (20,'fina','nashik'),
    -> (30,'sales','pune');
Query OK, 3 rows affected (0.02 sec)
Records: 3  Duplicates: 0  Warnings: 0

mysql> drop dept;
ERROR 1064 (42000): You have an error in your SQL syntax; check the manual that corresponds to your MySQL server version for the right syntax to use near 'dept' at line 1
mysql> drop table dept;
Query OK, 0 rows affected (0.03 sec)

mysql> desc dept;
ERROR 1146 (42S02): Table 'cdac.dept' doesn't exist
mysql> 
mysql> create table dept(dept_no int primary key,dname varchar(20),loc varchar(20));
Query OK, 0 rows affected (0.02 sec)

mysql> insert into dept values
    -> (10,'acct','mum'),
    -> (20,'fina','nashik'),
    -> (30,'sales','pune');
Query OK, 3 rows affected (0.01 sec)
Records: 3  Duplicates: 0  Warnings: 0

mysql> insert into dept values(40,'hr','bang');
Query OK, 1 row affected (0.02 sec)

mysql> delete from emp
    -> where deptno=40;
Query OK, 0 rows affected (0.02 sec)

mysql> select * from dept;
+---------+-------+--------+
| dept_no | dname | loc    |
+---------+-------+--------+
|      10 | acct  | mum    |
|      20 | fina  | nashik |
|      30 | sales | pune   |
|      40 | hr    | bang   |
+---------+-------+--------+
4 rows in set (0.00 sec)

mysql> delete from emp
    -> where dept_no=40;
ERROR 1054 (42S22): Unknown column 'dept_no' in 'where clause'
mysql> delete from dept
    -> where dept_no=40;
Query OK, 1 row affected (0.01 sec)

mysql> select * from dept;
+---------+-------+--------+
| dept_no | dname | loc    |
+---------+-------+--------+
|      10 | acct  | mum    |
|      20 | fina  | nashik |
|      30 | sales | pune   |
+---------+-------+--------+
3 rows in set (0.00 sec)

mysql> select curdate() as todaydate;
+------------+
| todaydate  |
+------------+
| 2024-03-12 |
+------------+
1 row in set (0.00 sec)

mysql> select curtime();
+-----------+
| curtime() |
+-----------+
| 19:12:53  |
+-----------+
1 row in set (0.00 sec)

mysql> select time();
ERROR 1064 (42000): You have an error in your SQL syntax; check the manual that corresponds to your MySQL server version for the right syntax to use near ')' at line 1
mysql> select now();
+---------------------+
| now()               |
+---------------------+
| 2024-03-12 19:13:29 |
+---------------------+
1 row in set (0.00 sec)

mysql> select version();
+-----------+
| version() |
+-----------+
| 8.0.36    |
+-----------+
1 row in set (0.02 sec)

mysql> exit
mysql> source C:\Users\Exam\Documents\test.sql
Query OK, 0 rows affected (0.03 sec)

Query OK, 0 rows affected (0.03 sec)

Query OK, 0 rows affected (0.01 sec)

Query OK, 0 rows affected (0.02 sec)

Query OK, 1 row affected (0.00 sec)

Query OK, 1 row affected (0.00 sec)

Query OK, 1 row affected (0.00 sec)

Query OK, 1 row affected (0.00 sec)

Query OK, 1 row affected (0.00 sec)

Query OK, 1 row affected (0.00 sec)

Query OK, 1 row affected (0.00 sec)

Query OK, 1 row affected (0.00 sec)

Query OK, 1 row affected (0.00 sec)

Query OK, 1 row affected (0.00 sec)

Query OK, 1 row affected (0.00 sec)

Query OK, 1 row affected (0.00 sec)

Query OK, 1 row affected (0.00 sec)

Query OK, 1 row affected (0.00 sec)

Query OK, 1 row affected (0.00 sec)

Query OK, 1 row affected (0.00 sec)

Query OK, 1 row affected (0.00 sec)

Query OK, 1 row affected (0.00 sec)

mysql> select * from emp;
+-------+--------+-----------+------+------------+---------+---------+--------+
| empno | ename  | job       | mgr  | hiredate   | sal     | comm    | deptno |
+-------+--------+-----------+------+------------+---------+---------+--------+
|  7369 | SMITH  | CLERK     | 7902 | 1980-12-17 |  800.00 |    NULL |     20 |
|  7499 | ALLEN  | SALESMAN  | 7698 | 1981-02-20 | 1600.00 |  300.00 |     30 |
|  7521 | WARD   | SALESMAN  | 7698 | 1981-02-22 | 1250.00 |  500.00 |     30 |
|  7566 | JONES  | MANAGER   | 7839 | 1981-04-02 | 2975.00 |    NULL |     20 |
|  7654 | MARTIN | SALESMAN  | 7698 | 1981-09-28 | 1250.00 | 1400.00 |     30 |
|  7698 | BLAKE  | MANAGER   | 7839 | 1981-05-01 | 2850.00 |    NULL |     30 |
|  7782 | CLARK  | MANAGER   | 7839 | 1981-06-09 | 2450.00 |    NULL |     10 |
|  7788 | SCOTT  | ANALYST   | 7566 | 1982-12-09 | 3000.00 |    NULL |     20 |
|  7839 | KING   | PRESIDENT | NULL | 1981-11-17 | 5000.00 |    NULL |     10 |
|  7844 | TURNER | SALESMAN  | 7698 | 1981-09-08 | 1500.00 |    0.00 |     30 |
|  7876 | ADAMS  | CLERK     | 7788 | 1983-01-12 | 1100.00 |    NULL |     20 |
|  7900 | JAMES  | CLERK     | 7698 | 1981-12-03 |  950.00 |    NULL |     30 |
|  7902 | FORD   | ANALYST   | 7566 | 1981-12-03 | 3000.00 |    NULL |     20 |
|  7934 | MILLER | CLERK     | 7782 | 1982-01-23 | 1300.00 |    NULL |     10 |
+-------+--------+-----------+------+------------+---------+---------+--------+
14 rows in set (0.00 sec)

mysql> select * from dept;
+--------+------------+----------+
| deptno | dname      | loc      |
+--------+------------+----------+
|     10 | ACCOUNTING | NEW YORK |
|     20 | RESEARCH   | DALLAS   |
|     30 | SALES      | CHICAGO  |
|     40 | OPERATIONS | BOSTON   |
+--------+------------+----------+
4 rows in set (0.00 sec)

mysql> exit
