mysql> use cdac;
Database changed
mysql> show tables;
+----------------+
| Tables_in_cdac |
+----------------+
| account        |
| customer       |
| dept           |
| emp            |
+----------------+
4 rows in set (0.00 sec)

mysql> select * from emp;
+-------+--------+-----------+------+------------+---------+---------+--------+
| empno | ename  | job       | mgr  | hiredate   | sal     | comm    | deptno |
+-------+--------+-----------+------+------------+---------+---------+--------+
|  7369 | SMITH  | CLERK     | 7902 | 1980-12-17 |  800.00 |    NULL |     20 |
|  7499 | ALLEN  | SALESMAN  | 7698 | 1981-02-20 | 1600.00 |  300.00 |     30 |
|  7521 | WARD   | SALESMAN  | 7698 | 1981-02-22 | 1250.00 |  500.00 |     30 |
|  7566 | JONES  | MANAGER   | 7839 | 1981-04-02 | 2975.00 |    NULL |     20 |
|  7654 | MARTIN | SALESMAN  | 7698 | 1981-09-28 | 1250.00 | 1400.00 |     30 |
|  7698 | BLAKE  | MANAGER   | 7839 | 1981-05-01 | 2850.00 |    NULL |     30 |
|  7782 | CLARK  | MANAGER   | 7839 | 1981-06-09 | 2450.00 |    NULL |     10 |
|  7788 | SCOTT  | ANALYST   | 7566 | 1982-12-09 | 3000.00 |    NULL |     20 |
|  7839 | KING   | PRESIDENT | NULL | 1981-11-17 | 5000.00 |    NULL |     10 |
|  7844 | TURNER | SALESMAN  | 7698 | 1981-09-08 | 1500.00 |    0.00 |     30 |
|  7876 | ADAMS  | CLERK     | 7788 | 1983-01-12 | 1100.00 |    NULL |     20 |
|  7900 | JAMES  | CLERK     | 7698 | 1981-12-03 |  950.00 |    NULL |     30 |
|  7902 | FORD   | ANALYST   | 7566 | 1981-12-03 | 3000.00 |    NULL |     20 |
|  7934 | MILLER | CLERK     | 7782 | 1982-01-23 | 1300.00 |    NULL |     10 |
+-------+--------+-----------+------+------------+---------+---------+--------+
14 rows in set (0.00 sec)

mysql> select * from emp
    -> where ename = 'smith';
+-------+-------+-------+------+------------+--------+------+--------+
| empno | ename | job   | mgr  | hiredate   | sal    | comm | deptno |
+-------+-------+-------+------+------------+--------+------+--------+
|  7369 | SMITH | CLERK | 7902 | 1980-12-17 | 800.00 | NULL |     20 |
+-------+-------+-------+------+------------+--------+------+--------+
1 row in set (0.00 sec)

mysql> select * from emp
    -> where ename != 'smith';
+-------+--------+-----------+------+------------+---------+---------+--------+
| empno | ename  | job       | mgr  | hiredate   | sal     | comm    | deptno |
+-------+--------+-----------+------+------------+---------+---------+--------+
|  7499 | ALLEN  | SALESMAN  | 7698 | 1981-02-20 | 1600.00 |  300.00 |     30 |
|  7521 | WARD   | SALESMAN  | 7698 | 1981-02-22 | 1250.00 |  500.00 |     30 |
|  7566 | JONES  | MANAGER   | 7839 | 1981-04-02 | 2975.00 |    NULL |     20 |
|  7654 | MARTIN | SALESMAN  | 7698 | 1981-09-28 | 1250.00 | 1400.00 |     30 |
|  7698 | BLAKE  | MANAGER   | 7839 | 1981-05-01 | 2850.00 |    NULL |     30 |
|  7782 | CLARK  | MANAGER   | 7839 | 1981-06-09 | 2450.00 |    NULL |     10 |
|  7788 | SCOTT  | ANALYST   | 7566 | 1982-12-09 | 3000.00 |    NULL |     20 |
|  7839 | KING   | PRESIDENT | NULL | 1981-11-17 | 5000.00 |    NULL |     10 |
|  7844 | TURNER | SALESMAN  | 7698 | 1981-09-08 | 1500.00 |    0.00 |     30 |
|  7876 | ADAMS  | CLERK     | 7788 | 1983-01-12 | 1100.00 |    NULL |     20 |
|  7900 | JAMES  | CLERK     | 7698 | 1981-12-03 |  950.00 |    NULL |     30 |
|  7902 | FORD   | ANALYST   | 7566 | 1981-12-03 | 3000.00 |    NULL |     20 |
|  7934 | MILLER | CLERK     | 7782 | 1982-01-23 | 1300.00 |    NULL |     10 |
+-------+--------+-----------+------+------------+---------+---------+--------+
13 rows in set (0.00 sec)

mysql> where ename != 'smith';
ERROR 1064 (42000): You have an error in your SQL syntax; check the manual that corresponds to your MySQL server version for the right syntax to use near 'where ename != 'smith'' at line 1
mysql> select * from emp
    -> where hiredate > '2021-1-1';
Empty set (0.00 sec)

mysql> select * from emp
    -> where hiredate > '2021-01-01';
Empty set (0.00 sec)

mysql> source C:\Users\Exam\Downloads\EMP_DEPT_Script.sql
Query OK, 0 rows affected (0.03 sec)

Query OK, 0 rows affected (0.01 sec)

Query OK, 0 rows affected (0.02 sec)

Query OK, 1 row affected (0.00 sec)

Query OK, 1 row affected (0.00 sec)

Query OK, 1 row affected (0.01 sec)

Query OK, 1 row affected (0.00 sec)

Query OK, 0 rows affected (0.03 sec)

Query OK, 1 row affected (0.00 sec)

Query OK, 1 row affected (0.00 sec)

Query OK, 1 row affected (0.00 sec)

Query OK, 1 row affected (0.00 sec)

Query OK, 1 row affected (0.00 sec)

Query OK, 1 row affected (0.00 sec)

Query OK, 1 row affected (0.00 sec)

Query OK, 1 row affected (0.00 sec)

Query OK, 1 row affected (0.00 sec)

Query OK, 1 row affected (0.00 sec)

Query OK, 1 row affected (0.00 sec)

Query OK, 1 row affected (0.00 sec)

Query OK, 1 row affected (0.00 sec)

Query OK, 1 row affected (0.00 sec)

mysql> source C:\Users\Exam\Downloads\SQL_COOKBOOK_TABLE.sql
Query OK, 0 rows affected (0.02 sec)

Query OK, 0 rows affected (0.01 sec)

Query OK, 0 rows affected (0.01 sec)

Query OK, 0 rows affected (0.02 sec)

Query OK, 1 row affected (0.00 sec)

Query OK, 1 row affected (0.00 sec)

Query OK, 1 row affected (0.00 sec)

Query OK, 1 row affected (0.00 sec)

Query OK, 1 row affected (0.00 sec)

Query OK, 1 row affected (0.00 sec)

Query OK, 1 row affected (0.00 sec)

Query OK, 1 row affected (0.00 sec)

Query OK, 1 row affected (0.00 sec)

Query OK, 1 row affected (0.00 sec)

Query OK, 1 row affected (0.00 sec)

Query OK, 1 row affected (0.00 sec)

Query OK, 1 row affected (0.00 sec)

Query OK, 1 row affected (0.00 sec)

Query OK, 1 row affected (0.00 sec)

Query OK, 1 row affected (0.00 sec)

Query OK, 1 row affected (0.00 sec)

Query OK, 1 row affected (0.00 sec)

mysql> select * from emp;
+-------+--------+-----------+------+------------+---------+---------+--------+
| empno | ename  | job       | mgr  | hiredate   | sal     | comm    | deptno |
+-------+--------+-----------+------+------------+---------+---------+--------+
|  7369 | SMITH  | CLERK     | 7902 | 1980-12-17 |  800.00 |    NULL |     20 |
|  7499 | ALLEN  | SALESMAN  | 7698 | 1981-02-20 | 1600.00 |  300.00 |     30 |
|  7521 | WARD   | SALESMAN  | 7698 | 1981-02-22 | 1250.00 |  500.00 |     30 |
|  7566 | JONES  | MANAGER   | 7839 | 1981-04-02 | 2975.00 |    NULL |     20 |
|  7654 | MARTIN | SALESMAN  | 7698 | 1981-09-28 | 1250.00 | 1400.00 |     30 |
|  7698 | BLAKE  | MANAGER   | 7839 | 1981-05-01 | 2850.00 |    NULL |     30 |
|  7782 | CLARK  | MANAGER   | 7839 | 1981-06-09 | 2450.00 |    NULL |     10 |
|  7788 | SCOTT  | ANALYST   | 7566 | 1982-12-09 | 3000.00 |    NULL |     20 |
|  7839 | KING   | PRESIDENT | NULL | 1981-11-17 | 5000.00 |    NULL |     10 |
|  7844 | TURNER | SALESMAN  | 7698 | 1981-09-08 | 1500.00 |    0.00 |     30 |
|  7876 | ADAMS  | CLERK     | 7788 | 1983-01-12 | 1100.00 |    NULL |     20 |
|  7900 | JAMES  | CLERK     | 7698 | 1981-12-03 |  950.00 |    NULL |     30 |
|  7902 | FORD   | ANALYST   | 7566 | 1981-12-03 | 3000.00 |    NULL |     20 |
|  7934 | MILLER | CLERK     | 7782 | 1982-01-23 | 1300.00 |    NULL |     10 |
+-------+--------+-----------+------+------------+---------+---------+--------+
14 rows in set (0.00 sec)

mysql> source "C:\Users\Exam\Downloads\EMP_DEPT_Script (1).sql"
ERROR: 
Failed to open file '"C:\Users\Exam\Downloads\EMP_DEPT_Script (1).sql"', error: 22
mysql> source C:\Users\Exam\Downloads\EMP_DEPT_Script (1).sql
Query OK, 0 rows affected (0.01 sec)

Query OK, 0 rows affected (0.01 sec)

Query OK, 0 rows affected (0.03 sec)

Query OK, 1 row affected (0.00 sec)

Query OK, 1 row affected (0.00 sec)

Query OK, 1 row affected (0.00 sec)

Query OK, 1 row affected (0.00 sec)

Query OK, 0 rows affected (0.01 sec)

Query OK, 1 row affected (0.00 sec)

Query OK, 1 row affected (0.00 sec)

Query OK, 1 row affected (0.00 sec)

Query OK, 1 row affected (0.00 sec)

Query OK, 1 row affected (0.00 sec)

Query OK, 1 row affected (0.00 sec)

Query OK, 1 row affected (0.00 sec)

Query OK, 1 row affected (0.00 sec)

Query OK, 1 row affected (0.00 sec)

Query OK, 1 row affected (0.00 sec)

Query OK, 1 row affected (0.00 sec)

Query OK, 1 row affected (0.00 sec)

Query OK, 1 row affected (0.00 sec)

Query OK, 1 row affected (0.00 sec)

mysql> select * from emp;
+-------+--------+-----------+------+------------+---------+---------+--------+
| EMPNO | ENAME  | JOB       | MGR  | HIREDATE   | SAL     | COMM    | DEPTNO |
+-------+--------+-----------+------+------------+---------+---------+--------+
|  7369 | SMITH  | CLERK     | 7902 | 2012-02-02 |  800.00 |    NULL |     20 |
|  7499 | ALLEN  | SALESMAN  | 7698 | 2012-01-02 | 1600.00 |  300.00 |     30 |
|  7521 | WARD   | SALESMAN  | 7698 | 2013-01-02 | 1250.00 |  500.00 |     30 |
|  7566 | JONES  | MANAGER   | 7839 | 2013-01-02 | 2975.00 |    NULL |     20 |
|  7654 | MARTIN | SALESMAN  | 7698 | 2012-05-02 | 1250.00 | 1400.00 |     30 |
|  7698 | BLAKE  | MANAGER   | 7839 | 2012-01-06 | 2850.00 |    NULL |     30 |
|  7782 | CLARK  | MANAGER   | 7839 | 2012-01-06 | 2450.00 |    NULL |     10 |
|  7788 | SCOTT  | ANALYST   | 7566 | 2012-01-10 | 3000.00 |    NULL |     20 |
|  7839 | KING   | PRESIDENT | NULL | 2012-01-15 | 5000.00 |    NULL |     10 |
|  7844 | TURNER | SALESMAN  | 7698 | 2012-01-20 | 1500.00 |    0.00 |     30 |
|  7876 | ADAMS  | CLERK     | 7788 | 2013-01-02 | 1100.00 |    NULL |     20 |
|  7900 | JAMES  | CLERK     | 7698 | 2012-03-02 |  950.00 |    NULL |     30 |
|  7902 | FORD   | ANALYST   | 7566 | 2012-04-02 | 3000.00 |    NULL |     20 |
|  7934 | MILLER | CLERK     | 7782 | 2012-05-02 | 1300.00 |    NULL |     10 |
+-------+--------+-----------+------+------------+---------+---------+--------+
14 rows in set (0.00 sec)

mysql> select * from emp;
+-------+--------+-----------+------+------------+---------+---------+--------+
| EMPNO | ENAME  | JOB       | MGR  | HIREDATE   | SAL     | COMM    | DEPTNO |
+-------+--------+-----------+------+------------+---------+---------+--------+
|  7369 | SMITH  | CLERK     | 7902 | 2012-02-02 |  800.00 |    NULL |     20 |
|  7499 | ALLEN  | SALESMAN  | 7698 | 2012-01-02 | 1600.00 |  300.00 |     30 |
|  7521 | WARD   | SALESMAN  | 7698 | 2013-01-02 | 1250.00 |  500.00 |     30 |
|  7566 | JONES  | MANAGER   | 7839 | 2013-01-02 | 2975.00 |    NULL |     20 |
|  7654 | MARTIN | SALESMAN  | 7698 | 2012-05-02 | 1250.00 | 1400.00 |     30 |
|  7698 | BLAKE  | MANAGER   | 7839 | 2012-01-06 | 2850.00 |    NULL |     30 |
|  7782 | CLARK  | MANAGER   | 7839 | 2012-01-06 | 2450.00 |    NULL |     10 |
|  7788 | SCOTT  | ANALYST   | 7566 | 2012-01-10 | 3000.00 |    NULL |     20 |
|  7839 | KING   | PRESIDENT | NULL | 2012-01-15 | 5000.00 |    NULL |     10 |
|  7844 | TURNER | SALESMAN  | 7698 | 2012-01-20 | 1500.00 |    0.00 |     30 |
|  7876 | ADAMS  | CLERK     | 7788 | 2013-01-02 | 1100.00 |    NULL |     20 |
|  7900 | JAMES  | CLERK     | 7698 | 2012-03-02 |  950.00 |    NULL |     30 |
|  7902 | FORD   | ANALYST   | 7566 | 2012-04-02 | 3000.00 |    NULL |     20 |
|  7934 | MILLER | CLERK     | 7782 | 2012-05-02 | 1300.00 |    NULL |     10 |
+-------+--------+-----------+------+------------+---------+---------+--------+
14 rows in set (0.00 sec)

mysql> select * from emp
    -> where ename = 'smith';
+-------+-------+-------+------+------------+--------+------+--------+
| EMPNO | ENAME | JOB   | MGR  | HIREDATE   | SAL    | COMM | DEPTNO |
+-------+-------+-------+------+------------+--------+------+--------+
|  7369 | SMITH | CLERK | 7902 | 2012-02-02 | 800.00 | NULL |     20 |
+-------+-------+-------+------+------------+--------+------+--------+
1 row in set (0.00 sec)

mysql> select * from emp
    -> where ename != 'smith';
+-------+--------+-----------+------+------------+---------+---------+--------+
| EMPNO | ENAME  | JOB       | MGR  | HIREDATE   | SAL     | COMM    | DEPTNO |
+-------+--------+-----------+------+------------+---------+---------+--------+
|  7499 | ALLEN  | SALESMAN  | 7698 | 2012-01-02 | 1600.00 |  300.00 |     30 |
|  7521 | WARD   | SALESMAN  | 7698 | 2013-01-02 | 1250.00 |  500.00 |     30 |
|  7566 | JONES  | MANAGER   | 7839 | 2013-01-02 | 2975.00 |    NULL |     20 |
|  7654 | MARTIN | SALESMAN  | 7698 | 2012-05-02 | 1250.00 | 1400.00 |     30 |
|  7698 | BLAKE  | MANAGER   | 7839 | 2012-01-06 | 2850.00 |    NULL |     30 |
|  7782 | CLARK  | MANAGER   | 7839 | 2012-01-06 | 2450.00 |    NULL |     10 |
|  7788 | SCOTT  | ANALYST   | 7566 | 2012-01-10 | 3000.00 |    NULL |     20 |
|  7839 | KING   | PRESIDENT | NULL | 2012-01-15 | 5000.00 |    NULL |     10 |
|  7844 | TURNER | SALESMAN  | 7698 | 2012-01-20 | 1500.00 |    0.00 |     30 |
|  7876 | ADAMS  | CLERK     | 7788 | 2013-01-02 | 1100.00 |    NULL |     20 |
|  7900 | JAMES  | CLERK     | 7698 | 2012-03-02 |  950.00 |    NULL |     30 |
|  7902 | FORD   | ANALYST   | 7566 | 2012-04-02 | 3000.00 |    NULL |     20 |
|  7934 | MILLER | CLERK     | 7782 | 2012-05-02 | 1300.00 |    NULL |     10 |
+-------+--------+-----------+------+------------+---------+---------+--------+
13 rows in set (0.00 sec)

mysql> select * from emp
    -> where hiredate < '2021-01-01';
+-------+--------+-----------+------+------------+---------+---------+--------+
| EMPNO | ENAME  | JOB       | MGR  | HIREDATE   | SAL     | COMM    | DEPTNO |
+-------+--------+-----------+------+------------+---------+---------+--------+
|  7369 | SMITH  | CLERK     | 7902 | 2012-02-02 |  800.00 |    NULL |     20 |
|  7499 | ALLEN  | SALESMAN  | 7698 | 2012-01-02 | 1600.00 |  300.00 |     30 |
|  7521 | WARD   | SALESMAN  | 7698 | 2013-01-02 | 1250.00 |  500.00 |     30 |
|  7566 | JONES  | MANAGER   | 7839 | 2013-01-02 | 2975.00 |    NULL |     20 |
|  7654 | MARTIN | SALESMAN  | 7698 | 2012-05-02 | 1250.00 | 1400.00 |     30 |
|  7698 | BLAKE  | MANAGER   | 7839 | 2012-01-06 | 2850.00 |    NULL |     30 |
|  7782 | CLARK  | MANAGER   | 7839 | 2012-01-06 | 2450.00 |    NULL |     10 |
|  7788 | SCOTT  | ANALYST   | 7566 | 2012-01-10 | 3000.00 |    NULL |     20 |
|  7839 | KING   | PRESIDENT | NULL | 2012-01-15 | 5000.00 |    NULL |     10 |
|  7844 | TURNER | SALESMAN  | 7698 | 2012-01-20 | 1500.00 |    0.00 |     30 |
|  7876 | ADAMS  | CLERK     | 7788 | 2013-01-02 | 1100.00 |    NULL |     20 |
|  7900 | JAMES  | CLERK     | 7698 | 2012-03-02 |  950.00 |    NULL |     30 |
|  7902 | FORD   | ANALYST   | 7566 | 2012-04-02 | 3000.00 |    NULL |     20 |
|  7934 | MILLER | CLERK     | 7782 | 2012-05-02 | 1300.00 |    NULL |     10 |
+-------+--------+-----------+------+------------+---------+---------+--------+
14 rows in set (0.00 sec)

mysql> select * from emp
    -> where hiredate > '2021-01-01';
Empty set (0.00 sec)

mysql> select * from emp
    -> where hiredate > '2012-01-01';
+-------+--------+-----------+------+------------+---------+---------+--------+
| EMPNO | ENAME  | JOB       | MGR  | HIREDATE   | SAL     | COMM    | DEPTNO |
+-------+--------+-----------+------+------------+---------+---------+--------+
|  7369 | SMITH  | CLERK     | 7902 | 2012-02-02 |  800.00 |    NULL |     20 |
|  7499 | ALLEN  | SALESMAN  | 7698 | 2012-01-02 | 1600.00 |  300.00 |     30 |
|  7521 | WARD   | SALESMAN  | 7698 | 2013-01-02 | 1250.00 |  500.00 |     30 |
|  7566 | JONES  | MANAGER   | 7839 | 2013-01-02 | 2975.00 |    NULL |     20 |
|  7654 | MARTIN | SALESMAN  | 7698 | 2012-05-02 | 1250.00 | 1400.00 |     30 |
|  7698 | BLAKE  | MANAGER   | 7839 | 2012-01-06 | 2850.00 |    NULL |     30 |
|  7782 | CLARK  | MANAGER   | 7839 | 2012-01-06 | 2450.00 |    NULL |     10 |
|  7788 | SCOTT  | ANALYST   | 7566 | 2012-01-10 | 3000.00 |    NULL |     20 |
|  7839 | KING   | PRESIDENT | NULL | 2012-01-15 | 5000.00 |    NULL |     10 |
|  7844 | TURNER | SALESMAN  | 7698 | 2012-01-20 | 1500.00 |    0.00 |     30 |
|  7876 | ADAMS  | CLERK     | 7788 | 2013-01-02 | 1100.00 |    NULL |     20 |
|  7900 | JAMES  | CLERK     | 7698 | 2012-03-02 |  950.00 |    NULL |     30 |
|  7902 | FORD   | ANALYST   | 7566 | 2012-04-02 | 3000.00 |    NULL |     20 |
|  7934 | MILLER | CLERK     | 7782 | 2012-05-02 | 1300.00 |    NULL |     10 |
+-------+--------+-----------+------+------------+---------+---------+--------+
14 rows in set (0.00 sec)

mysql> select * from emp
    -> ehere dept = 10;
ERROR 1064 (42000): You have an error in your SQL syntax; check the manual that corresponds to your MySQL server version for the right syntax to use near 'dept = 10' at line 2
mysql> select * from emp
    -> where dept = 10;
ERROR 1054 (42S22): Unknown column 'dept' in 'where clause'
mysql> select * from emp
    -> where deptno = 10;
+-------+--------+-----------+------+------------+---------+------+--------+
| EMPNO | ENAME  | JOB       | MGR  | HIREDATE   | SAL     | COMM | DEPTNO |
+-------+--------+-----------+------+------------+---------+------+--------+
|  7782 | CLARK  | MANAGER   | 7839 | 2012-01-06 | 2450.00 | NULL |     10 |
|  7839 | KING   | PRESIDENT | NULL | 2012-01-15 | 5000.00 | NULL |     10 |
|  7934 | MILLER | CLERK     | 7782 | 2012-05-02 | 1300.00 | NULL |     10 |
+-------+--------+-----------+------+------------+---------+------+--------+
3 rows in set (0.00 sec)

mysql> select * from emp 
    -> where deptno = 10 and sal > 2000;
+-------+-------+-----------+------+------------+---------+------+--------+
| EMPNO | ENAME | JOB       | MGR  | HIREDATE   | SAL     | COMM | DEPTNO |
+-------+-------+-----------+------+------------+---------+------+--------+
|  7782 | CLARK | MANAGER   | 7839 | 2012-01-06 | 2450.00 | NULL |     10 |
|  7839 | KING  | PRESIDENT | NULL | 2012-01-15 | 5000.00 | NULL |     10 |
+-------+-------+-----------+------+------------+---------+------+--------+
2 rows in set (0.00 sec)

mysql> select * from emp 
    -> where date = '2024-01-01' || date = '2024-12-31';
ERROR 1054 (42S22): Unknown column 'date' in 'where clause'
mysql> select * from emp 
    -> where hiredate = '2024-01-01' || date = '2024-12-31';
ERROR 1054 (42S22): Unknown column 'date' in 'where clause'
mysql> select * from emp 
    -> where hiredate = '2024-01-01' || hiredate = '2024-12-31';
Empty set, 1 warning (0.00 sec)

mysql> select * from emp 
    -> where hiredate = '2012-01-01' || hiredate = '2012-12-31';
Empty set, 1 warning (0.00 sec)

mysql> select * from emp 
    -> where hiredate >= '2012-01-01' and hiredate <= '2012-12-31';
+-------+--------+-----------+------+------------+---------+---------+--------+
| EMPNO | ENAME  | JOB       | MGR  | HIREDATE   | SAL     | COMM    | DEPTNO |
+-------+--------+-----------+------+------------+---------+---------+--------+
|  7369 | SMITH  | CLERK     | 7902 | 2012-02-02 |  800.00 |    NULL |     20 |
|  7499 | ALLEN  | SALESMAN  | 7698 | 2012-01-02 | 1600.00 |  300.00 |     30 |
|  7654 | MARTIN | SALESMAN  | 7698 | 2012-05-02 | 1250.00 | 1400.00 |     30 |
|  7698 | BLAKE  | MANAGER   | 7839 | 2012-01-06 | 2850.00 |    NULL |     30 |
|  7782 | CLARK  | MANAGER   | 7839 | 2012-01-06 | 2450.00 |    NULL |     10 |
|  7788 | SCOTT  | ANALYST   | 7566 | 2012-01-10 | 3000.00 |    NULL |     20 |
|  7839 | KING   | PRESIDENT | NULL | 2012-01-15 | 5000.00 |    NULL |     10 |
|  7844 | TURNER | SALESMAN  | 7698 | 2012-01-20 | 1500.00 |    0.00 |     30 |
|  7900 | JAMES  | CLERK     | 7698 | 2012-03-02 |  950.00 |    NULL |     30 |
|  7902 | FORD   | ANALYST   | 7566 | 2012-04-02 | 3000.00 |    NULL |     20 |
|  7934 | MILLER | CLERK     | 7782 | 2012-05-02 | 1300.00 |    NULL |     10 |
+-------+--------+-----------+------+------------+---------+---------+--------+
11 rows in set (0.00 sec)

mysql> select * fro emp
    -> where hiredate >= '2012-01-01' and hiredate <= '2013-12-31';
ERROR 1064 (42000): You have an error in your SQL syntax; check the manual that corresponds to your MySQL server version for the right syntax to use near 'fro emp
where hiredate >= '2012-01-01' and hiredate <= '2013-12-31'' at line 1
mysql> select * from emp
    -> where hiredate >= '2012-01-01' and hiredate <= '2013-12-31';
+-------+--------+-----------+------+------------+---------+---------+--------+
| EMPNO | ENAME  | JOB       | MGR  | HIREDATE   | SAL     | COMM    | DEPTNO |
+-------+--------+-----------+------+------------+---------+---------+--------+
|  7369 | SMITH  | CLERK     | 7902 | 2012-02-02 |  800.00 |    NULL |     20 |
|  7499 | ALLEN  | SALESMAN  | 7698 | 2012-01-02 | 1600.00 |  300.00 |     30 |
|  7521 | WARD   | SALESMAN  | 7698 | 2013-01-02 | 1250.00 |  500.00 |     30 |
|  7566 | JONES  | MANAGER   | 7839 | 2013-01-02 | 2975.00 |    NULL |     20 |
|  7654 | MARTIN | SALESMAN  | 7698 | 2012-05-02 | 1250.00 | 1400.00 |     30 |
|  7698 | BLAKE  | MANAGER   | 7839 | 2012-01-06 | 2850.00 |    NULL |     30 |
|  7782 | CLARK  | MANAGER   | 7839 | 2012-01-06 | 2450.00 |    NULL |     10 |
|  7788 | SCOTT  | ANALYST   | 7566 | 2012-01-10 | 3000.00 |    NULL |     20 |
|  7839 | KING   | PRESIDENT | NULL | 2012-01-15 | 5000.00 |    NULL |     10 |
|  7844 | TURNER | SALESMAN  | 7698 | 2012-01-20 | 1500.00 |    0.00 |     30 |
|  7876 | ADAMS  | CLERK     | 7788 | 2013-01-02 | 1100.00 |    NULL |     20 |
|  7900 | JAMES  | CLERK     | 7698 | 2012-03-02 |  950.00 |    NULL |     30 |
|  7902 | FORD   | ANALYST   | 7566 | 2012-04-02 | 3000.00 |    NULL |     20 |
|  7934 | MILLER | CLERK     | 7782 | 2012-05-02 | 1300.00 |    NULL |     10 |
+-------+--------+-----------+------+------------+---------+---------+--------+
14 rows in set (0.00 sec)

mysql> select distinct deptno from emp;
+--------+
| deptno |
+--------+
|     20 |
|     30 |
|     10 |
+--------+
3 rows in set (0.02 sec)

mysql> select distinct job from emp;
+-----------+
| job       |
+-----------+
| CLERK     |
| SALESMAN  |
| MANAGER   |
| ANALYST   |
| PRESIDENT |
+-----------+
5 rows in set (0.00 sec)

mysql> select ename from emp
    -> where (deptno = 10 and job = 'manager') || (deptno = 20 && job = 'analyst');
+-------+
| ename |
+-------+
| CLARK |
| SCOTT |
| FORD  |
+-------+
3 rows in set, 2 warnings (0.00 sec)

mysql> select ename as name, sal as salary from emp;
+--------+---------+
| name   | salary  |
+--------+---------+
| SMITH  |  800.00 |
| ALLEN  | 1600.00 |
| WARD   | 1250.00 |
| JONES  | 2975.00 |
| MARTIN | 1250.00 |
| BLAKE  | 2850.00 |
| CLARK  | 2450.00 |
| SCOTT  | 3000.00 |
| KING   | 5000.00 |
| TURNER | 1500.00 |
| ADAMS  | 1100.00 |
| JAMES  |  950.00 |
| FORD   | 3000.00 |
| MILLER | 1300.00 |
+--------+---------+
14 rows in set (0.00 sec)

mysql> select ename name, sal salary from emp
    -> ^C
mysql> select ename name, sal salary from emp;
+--------+---------+
| name   | salary  |
+--------+---------+
| SMITH  |  800.00 |
| ALLEN  | 1600.00 |
| WARD   | 1250.00 |
| JONES  | 2975.00 |
| MARTIN | 1250.00 |
| BLAKE  | 2850.00 |
| CLARK  | 2450.00 |
| SCOTT  | 3000.00 |
| KING   | 5000.00 |
| TURNER | 1500.00 |
| ADAMS  | 1100.00 |
| JAMES  |  950.00 |
| FORD   | 3000.00 |
| MILLER | 1300.00 |
+--------+---------+
14 rows in set (0.00 sec)

mysql> select ename as  "Name is", sal salary from emp;
+---------+---------+
| Name is | salary  |
+---------+---------+
| SMITH   |  800.00 |
| ALLEN   | 1600.00 |
| WARD    | 1250.00 |
| JONES   | 2975.00 |
| MARTIN  | 1250.00 |
| BLAKE   | 2850.00 |
| CLARK   | 2450.00 |
| SCOTT   | 3000.00 |
| KING    | 5000.00 |
| TURNER  | 1500.00 |
| ADAMS   | 1100.00 |
| JAMES   |  950.00 |
| FORD    | 3000.00 |
| MILLER  | 1300.00 |
+---------+---------+
14 rows in set (0.00 sec)

mysql> select ename as name, sal * 10 as bonus from emp;
+--------+----------+
| name   | bonus    |
+--------+----------+
| SMITH  |  8000.00 |
| ALLEN  | 16000.00 |
| WARD   | 12500.00 |
| JONES  | 29750.00 |
| MARTIN | 12500.00 |
| BLAKE  | 28500.00 |
| CLARK  | 24500.00 |
| SCOTT  | 30000.00 |
| KING   | 50000.00 |
| TURNER | 15000.00 |
| ADAMS  | 11000.00 |
| JAMES  |  9500.00 |
| FORD   | 30000.00 |
| MILLER | 13000.00 |
+--------+----------+
14 rows in set (0.00 sec)

mysql> ^C
mysql> select ename as name, sal * 0.1 as bonus from emp;
+--------+---------+
| name   | bonus   |
+--------+---------+
| SMITH  |  80.000 |
| ALLEN  | 160.000 |
| WARD   | 125.000 |
| JONES  | 297.500 |
| MARTIN | 125.000 |
| BLAKE  | 285.000 |
| CLARK  | 245.000 |
| SCOTT  | 300.000 |
| KING   | 500.000 |
| TURNER | 150.000 |
| ADAMS  | 110.000 |
| JAMES  |  95.000 |
| FORD   | 300.000 |
| MILLER | 130.000 |
+--------+---------+
14 rows in set (0.00 sec)

mysql> select ename as name, sal * 0.1 as bonus, sal + (sal * 0.1) as totalsal from emp;
+--------+---------+----------+
| name   | bonus   | totalsal |
+--------+---------+----------+
| SMITH  |  80.000 |  880.000 |
| ALLEN  | 160.000 | 1760.000 |
| WARD   | 125.000 | 1375.000 |
| JONES  | 297.500 | 3272.500 |
| MARTIN | 125.000 | 1375.000 |
| BLAKE  | 285.000 | 3135.000 |
| CLARK  | 245.000 | 2695.000 |
| SCOTT  | 300.000 | 3300.000 |
| KING   | 500.000 | 5500.000 |
| TURNER | 150.000 | 1650.000 |
| ADAMS  | 110.000 | 1210.000 |
| JAMES  |  95.000 | 1045.000 |
| FORD   | 300.000 | 3300.000 |
| MILLER | 130.000 | 1430.000 |
+--------+---------+----------+
14 rows in set (0.02 sec)

mysql> select * from emp;
+-------+--------+-----------+------+------------+---------+---------+--------+
| EMPNO | ENAME  | JOB       | MGR  | HIREDATE   | SAL     | COMM    | DEPTNO |
+-------+--------+-----------+------+------------+---------+---------+--------+
|  7369 | SMITH  | CLERK     | 7902 | 2012-02-02 |  800.00 |    NULL |     20 |
|  7499 | ALLEN  | SALESMAN  | 7698 | 2012-01-02 | 1600.00 |  300.00 |     30 |
|  7521 | WARD   | SALESMAN  | 7698 | 2013-01-02 | 1250.00 |  500.00 |     30 |
|  7566 | JONES  | MANAGER   | 7839 | 2013-01-02 | 2975.00 |    NULL |     20 |
|  7654 | MARTIN | SALESMAN  | 7698 | 2012-05-02 | 1250.00 | 1400.00 |     30 |
|  7698 | BLAKE  | MANAGER   | 7839 | 2012-01-06 | 2850.00 |    NULL |     30 |
|  7782 | CLARK  | MANAGER   | 7839 | 2012-01-06 | 2450.00 |    NULL |     10 |
|  7788 | SCOTT  | ANALYST   | 7566 | 2012-01-10 | 3000.00 |    NULL |     20 |
|  7839 | KING   | PRESIDENT | NULL | 2012-01-15 | 5000.00 |    NULL |     10 |
|  7844 | TURNER | SALESMAN  | 7698 | 2012-01-20 | 1500.00 |    0.00 |     30 |
|  7876 | ADAMS  | CLERK     | 7788 | 2013-01-02 | 1100.00 |    NULL |     20 |
|  7900 | JAMES  | CLERK     | 7698 | 2012-03-02 |  950.00 |    NULL |     30 |
|  7902 | FORD   | ANALYST   | 7566 | 2012-04-02 | 3000.00 |    NULL |     20 |
|  7934 | MILLER | CLERK     | 7782 | 2012-05-02 | 1300.00 |    NULL |     10 |
+-------+--------+-----------+------+------------+---------+---------+--------+
14 rows in set (0.00 sec)

mysql> select * from emp ehere comm is null;
ERROR 1064 (42000): You have an error in your SQL syntax; check the manual that corresponds to your MySQL server version for the right syntax to use near 'comm is null' at line 1
mysql> select * from emp wehere comm is null;
ERROR 1064 (42000): You have an error in your SQL syntax; check the manual that corresponds to your MySQL server version for the right syntax to use near 'comm is null' at line 1
mysql> select * from emp where comm is null;
+-------+--------+-----------+------+------------+---------+------+--------+
| EMPNO | ENAME  | JOB       | MGR  | HIREDATE   | SAL     | COMM | DEPTNO |
+-------+--------+-----------+------+------------+---------+------+--------+
|  7369 | SMITH  | CLERK     | 7902 | 2012-02-02 |  800.00 | NULL |     20 |
|  7566 | JONES  | MANAGER   | 7839 | 2013-01-02 | 2975.00 | NULL |     20 |
|  7698 | BLAKE  | MANAGER   | 7839 | 2012-01-06 | 2850.00 | NULL |     30 |
|  7782 | CLARK  | MANAGER   | 7839 | 2012-01-06 | 2450.00 | NULL |     10 |
|  7788 | SCOTT  | ANALYST   | 7566 | 2012-01-10 | 3000.00 | NULL |     20 |
|  7839 | KING   | PRESIDENT | NULL | 2012-01-15 | 5000.00 | NULL |     10 |
|  7876 | ADAMS  | CLERK     | 7788 | 2013-01-02 | 1100.00 | NULL |     20 |
|  7900 | JAMES  | CLERK     | 7698 | 2012-03-02 |  950.00 | NULL |     30 |
|  7902 | FORD   | ANALYST   | 7566 | 2012-04-02 | 3000.00 | NULL |     20 |
|  7934 | MILLER | CLERK     | 7782 | 2012-05-02 | 1300.00 | NULL |     10 |
+-------+--------+-----------+------+------------+---------+------+--------+
10 rows in set (0.00 sec)

mysql> select * from emp 
    -> where comm is not null;
+-------+--------+----------+------+------------+---------+---------+--------+
| EMPNO | ENAME  | JOB      | MGR  | HIREDATE   | SAL     | COMM    | DEPTNO |
+-------+--------+----------+------+------------+---------+---------+--------+
|  7499 | ALLEN  | SALESMAN | 7698 | 2012-01-02 | 1600.00 |  300.00 |     30 |
|  7521 | WARD   | SALESMAN | 7698 | 2013-01-02 | 1250.00 |  500.00 |     30 |
|  7654 | MARTIN | SALESMAN | 7698 | 2012-05-02 | 1250.00 | 1400.00 |     30 |
|  7844 | TURNER | SALESMAN | 7698 | 2012-01-20 | 1500.00 |    0.00 |     30 |
+-------+--------+----------+------+------------+---------+---------+--------+
4 rows in set (0.00 sec)

mysql> select * from emp 
    -> ^C
mysql> select ename, sal,comm, sal+comm as totalsal from emp;
+--------+---------+---------+----------+
| ename  | sal     | comm    | totalsal |
+--------+---------+---------+----------+
| SMITH  |  800.00 |    NULL |     NULL |
| ALLEN  | 1600.00 |  300.00 |  1900.00 |
| WARD   | 1250.00 |  500.00 |  1750.00 |
| JONES  | 2975.00 |    NULL |     NULL |
| MARTIN | 1250.00 | 1400.00 |  2650.00 |
| BLAKE  | 2850.00 |    NULL |     NULL |
| CLARK  | 2450.00 |    NULL |     NULL |
| SCOTT  | 3000.00 |    NULL |     NULL |
| KING   | 5000.00 |    NULL |     NULL |
| TURNER | 1500.00 |    0.00 |  1500.00 |
| ADAMS  | 1100.00 |    NULL |     NULL |
| JAMES  |  950.00 |    NULL |     NULL |
| FORD   | 3000.00 |    NULL |     NULL |
| MILLER | 1300.00 |    NULL |     NULL |
+--------+---------+---------+----------+
14 rows in set (0.00 sec)

mysql> select ename, sal, comm, sal+isnull(comm,0) as totalsal from emp
    -> ;
ERROR 1582 (42000): Incorrect parameter count in the call to native function 'isnull'
mysql> select ename, sal, comm, sal+isnull(comm,0) as totalsal from emp;
ERROR 1582 (42000): Incorrect parameter count in the call to native function 'isnull'
mysql> select ename,isnull(comm,0) from emp;
ERROR 1582 (42000): Incorrect parameter count in the call to native function 'isnull'
mysql> select ename,ifnull(comm,0) from emp;
+--------+----------------+
| ename  | ifnull(comm,0) |
+--------+----------------+
| SMITH  |           0.00 |
| ALLEN  |         300.00 |
| WARD   |         500.00 |
| JONES  |           0.00 |
| MARTIN |        1400.00 |
| BLAKE  |           0.00 |
| CLARK  |           0.00 |
| SCOTT  |           0.00 |
| KING   |           0.00 |
| TURNER |           0.00 |
| ADAMS  |           0.00 |
| JAMES  |           0.00 |
| FORD   |           0.00 |
| MILLER |           0.00 |
+--------+----------------+
14 rows in set (0.00 sec)

mysql> select ename, sal, comm, sal+ifnull(comm,0) as totalsal from emp;
+--------+---------+---------+----------+
| ename  | sal     | comm    | totalsal |
+--------+---------+---------+----------+
| SMITH  |  800.00 |    NULL |   800.00 |
| ALLEN  | 1600.00 |  300.00 |  1900.00 |
| WARD   | 1250.00 |  500.00 |  1750.00 |
| JONES  | 2975.00 |    NULL |  2975.00 |
| MARTIN | 1250.00 | 1400.00 |  2650.00 |
| BLAKE  | 2850.00 |    NULL |  2850.00 |
| CLARK  | 2450.00 |    NULL |  2450.00 |
| SCOTT  | 3000.00 |    NULL |  3000.00 |
| KING   | 5000.00 |    NULL |  5000.00 |
| TURNER | 1500.00 |    0.00 |  1500.00 |
| ADAMS  | 1100.00 |    NULL |  1100.00 |
| JAMES  |  950.00 |    NULL |   950.00 |
| FORD   | 3000.00 |    NULL |  3000.00 |
| MILLER | 1300.00 |    NULL |  1300.00 |
+--------+---------+---------+----------+
14 rows in set (0.00 sec)

mysql> select ename from emp 
    -> where sal between 1000 and 2000;
+--------+
| ename  |
+--------+
| ALLEN  |
| WARD   |
| MARTIN |
| TURNER |
| ADAMS  |
| MILLER |
+--------+
6 rows in set (0.02 sec)

mysql> select ename hiredate from emp 
    -> where hiredate between '2012-1-1' and '2012-12-31';
+----------+
| hiredate |
+----------+
| SMITH    |
| ALLEN    |
| MARTIN   |
| BLAKE    |
| CLARK    |
| SCOTT    |
| KING     |
| TURNER   |
| JAMES    |
| FORD     |
| MILLER   |
+----------+
11 rows in set (0.00 sec)

mysql> select ename, hiredate from emp 
    -> where hiredate between '2012-1-1' and '2012-12-31';
+--------+------------+
| ename  | hiredate   |
+--------+------------+
| SMITH  | 2012-02-02 |
| ALLEN  | 2012-01-02 |
| MARTIN | 2012-05-02 |
| BLAKE  | 2012-01-06 |
| CLARK  | 2012-01-06 |
| SCOTT  | 2012-01-10 |
| KING   | 2012-01-15 |
| TURNER | 2012-01-20 |
| JAMES  | 2012-03-02 |
| FORD   | 2012-04-02 |
| MILLER | 2012-05-02 |
+--------+------------+
11 rows in set (0.00 sec)

mysql> select ename from emp
    -> where deptno = 10 or deptno =20;
+--------+
| ename  |
+--------+
| SMITH  |
| JONES  |
| CLARK  |
| SCOTT  |
| KING   |
| ADAMS  |
| FORD   |
| MILLER |
+--------+
8 rows in set (0.00 sec)

mysql> select ename from emp
    -> where deptno(10,20);
ERROR 1305 (42000): FUNCTION cdac.deptno does not exist
mysql> select ename from emp
    -> where deptno is (10,20);
ERROR 1064 (42000): You have an error in your SQL syntax; check the manual that corresponds to your MySQL server version for the right syntax to use near '(10,20)' at line 2
mysql> select ename from emp
    -> where deptno is(10,20);
ERROR 1064 (42000): You have an error in your SQL syntax; check the manual that corresponds to your MySQL server version for the right syntax to use near '(10,20)' at line 2
mysql> select ename from emp
    -> where deptno in(10,20);
+--------+
| ename  |
+--------+
| SMITH  |
| JONES  |
| CLARK  |
| SCOTT  |
| KING   |
| ADAMS  |
| FORD   |
| MILLER |
+--------+
8 rows in set (0.02 sec)

mysql> select ename from emp 
    -> where ename in (10,20);
Empty set, 14 warnings (0.02 sec)

mysql> select ename from emp 
    -> where ename in ('smith','allen','miller');
+--------+
| ename  |
+--------+
| SMITH  |
| ALLEN  |
| MILLER |
+--------+
3 rows in set (0.00 sec)

mysql> select ename from emp
    -> where ename like 'a%';
+-------+
| ename |
+-------+
| ALLEN |
| ADAMS |
+-------+
2 rows in set (0.00 sec)

mysql> select ename from emp
    -> where ename '%r';
ERROR 1064 (42000): You have an error in your SQL syntax; check the manual that corresponds to your MySQL server version for the right syntax to use near ''%r'' at line 2
mysql> select ename from emp
    -> where ename like '%r';
+--------+
| ename  |
+--------+
| TURNER |
| MILLER |
+--------+
2 rows in set (0.00 sec)

mysql> select ename from emp
    -> where ename like '%a%';
+--------+
| ename  |
+--------+
| ALLEN  |
| WARD   |
| MARTIN |
| BLAKE  |
| CLARK  |
| ADAMS  |
| JAMES  |
+--------+
7 rows in set (0.00 sec)

mysql> select ename from emp
    -> where ename not like 'a%';
+--------+
| ename  |
+--------+
| SMITH  |
| WARD   |
| JONES  |
| MARTIN |
| BLAKE  |
| CLARK  |
| SCOTT  |
| KING   |
| TURNER |
| JAMES  |
| FORD   |
| MILLER |
+--------+
12 rows in set (0.00 sec)

mysql> select ename, sal, comm, sum(sal,ifnull(comm,0)) as totalsal from emp;
ERROR 1064 (42000): You have an error in your SQL syntax; check the manual that corresponds to your MySQL server version for the right syntax to use near ',ifnull(comm,0)) as totalsal from emp' at line 1
mysql> select ename, sal, comm, sum(sal) as totalsal from emp;
ERROR 1140 (42000): In aggregated query without GROUP BY, expression #1 of SELECT list contains nonaggregated column 'cdac.emp.ENAME'; this is incompatible with sql_mode=only_full_group_by
mysql> select sum(sal)from emp;
+----------+
| sum(sal) |
+----------+
| 29025.00 |
+----------+
1 row in set (0.02 sec)

mysql> select ename from emp
    -> where ename like'_____';
+-------+
| ename |
+-------+
| SMITH |
| ALLEN |
| JONES |
| BLAKE |
| CLARK |
| SCOTT |
| ADAMS |
| JAMES |
+-------+
8 rows in set (0.00 sec)

mysql> select ename from emp
    -> where ename like '__r%';
+--------+
| ename  |
+--------+
| WARD   |
| MARTIN |
| TURNER |
| FORD   |
+--------+
4 rows in set (0.00 sec)

mysql> select ename from emp
    -> where ename like '__r__r';
+--------+
| ename  |
+--------+
| TURNER |
+--------+
1 row in set (0.00 sec)

mysql> select sum(sal) as totalsal;
ERROR 1054 (42S22): Unknown column 'sal' in 'field list'
mysql> select sum(sal) as totalsal from emp;
+----------+
| totalsal |
+----------+
| 29025.00 |
+----------+
1 row in set (0.00 sec)

mysql> 
mysql> select max(sal) as totalsal as emp;
ERROR 1064 (42000): You have an error in your SQL syntax; check the manual that corresponds to your MySQL server version for the right syntax to use near 'as emp' at line 1
mysql> select max(sal) as max from emp;
+---------+
| max     |
+---------+
| 5000.00 |
+---------+
1 row in set (0.00 sec)

mysql> select max(sal) as min from emp;
+---------+
| min     |
+---------+
| 5000.00 |
+---------+
1 row in set (0.00 sec)

mysql> select min(sal) as min from emp;
+--------+
| min    |
+--------+
| 800.00 |
+--------+
1 row in set (0.00 sec)

mysql> select avg(sal) as avg from emp;
+-------------+
| avg         |
+-------------+
| 2073.214286 |
+-------------+
1 row in set (0.00 sec)

mysql> select count(sal) as count from emp;
+-------+
| count |
+-------+
|    14 |
+-------+
1 row in set (0.02 sec)

mysql> select count(comm) as count from emp;
+-------+
| count |
+-------+
|     4 |
+-------+
1 row in set (0.00 sec)

mysql> select * from emp
    -> limit 2;
+-------+-------+----------+------+------------+---------+--------+--------+
| EMPNO | ENAME | JOB      | MGR  | HIREDATE   | SAL     | COMM   | DEPTNO |
+-------+-------+----------+------+------------+---------+--------+--------+
|  7369 | SMITH | CLERK    | 7902 | 2012-02-02 |  800.00 |   NULL |     20 |
|  7499 | ALLEN | SALESMAN | 7698 | 2012-01-02 | 1600.00 | 300.00 |     30 |
+-------+-------+----------+------+------------+---------+--------+--------+
2 rows in set (0.00 sec)

mysql> select * from emp
    -> limit 6;
+-------+--------+----------+------+------------+---------+---------+--------+
| EMPNO | ENAME  | JOB      | MGR  | HIREDATE   | SAL     | COMM    | DEPTNO |
+-------+--------+----------+------+------------+---------+---------+--------+
|  7369 | SMITH  | CLERK    | 7902 | 2012-02-02 |  800.00 |    NULL |     20 |
|  7499 | ALLEN  | SALESMAN | 7698 | 2012-01-02 | 1600.00 |  300.00 |     30 |
|  7521 | WARD   | SALESMAN | 7698 | 2013-01-02 | 1250.00 |  500.00 |     30 |
|  7566 | JONES  | MANAGER  | 7839 | 2013-01-02 | 2975.00 |    NULL |     20 |
|  7654 | MARTIN | SALESMAN | 7698 | 2012-05-02 | 1250.00 | 1400.00 |     30 |
|  7698 | BLAKE  | MANAGER  | 7839 | 2012-01-06 | 2850.00 |    NULL |     30 |
+-------+--------+----------+------+------------+---------+---------+--------+
6 rows in set (0.00 sec)

mysql> exit
